
Map of Debug\mystm8templ.sm8 from link file Debug\mystm8templ.lkf - Wed Apr 25 16:56:36 2012


                               --------
                               Segments
                               --------

start 00008080 end 000080fb length   123 segment .const
start 000080fe end 00008b60 length  2658 segment .text
start 00004000 end 00004000 length     0 segment .eeprom
start 00000000 end 00000000 length     0 segment .bsct
start 00000000 end 0000000a length    10 segment .ubsct
start 0000000a end 0000000a length     0 segment .bit
start 0000000a end 0000000a length     0 segment .share
start 00000100 end 00000100 length     0 segment .data
start 00000100 end 00000100 length     0 segment .bss
start 00000000 end 0000050b length  1291 segment .info.
start 00000000 end 00002c91 length 11409 segment .debug
start 00008000 end 00008080 length   128 segment .const
start 000080fb end 000080fe length     3 segment .init


                               -------
                               Modules
                               -------

D:\COSMIC\CXSTM8_32K\Lib\crtsi0.sm8:
start 000080fe end 00008149 length    75 section .text
start 00000100 end 00000100 length     0 section .bss
start 00000000 end 00000000 length     0 section .ubsct
start 00000000 end 00000030 length    48 section .info.

Debug\main.o:
start 00008149 end 0000818a length    65 section .text
start 00000000 end 000001d8 length   472 section .debug
start 00000030 end 000000a9 length   121 section .info.

Debug\delay.o:
start 0000818a end 000081bc length    50 section .text
start 000001d8 end 0000031c length   324 section .debug
start 000000a9 end 00000123 length   122 section .info.

Debug\stm8s_it.o:
start 000081bc end 000081d7 length    27 section .text
start 0000031c end 00000af2 length  2006 section .debug
start 00000123 end 000001a0 length   125 section .info.

Debug\stm8s_clk.o:
start 000081d7 end 000088b9 length  1762 section .text
start 00000af2 end 00002161 length  5743 section .debug
start 000001a0 end 0000021e length   126 section .info.
start 00008080 end 000080c3 length    67 section .const

Debug\stm8s_gpio.o:
start 000088b9 end 00008a15 length   348 section .text
start 00002161 end 00002b6b length  2570 section .debug
start 0000021e end 0000029d length   127 section .info.
start 000080c3 end 000080fb length    56 section .const

(D:\COSMIC\CXSTM8_32K\Lib\libm0.sm8)lreg.o:
start 00000000 end 00000004 length     4 section .ubsct
start 0000029d end 000002cc length    47 section .info.

(D:\COSMIC\CXSTM8_32K\Lib\libm0.sm8)ltor.o:
start 00008a15 end 00008a27 length    18 section .text
start 000002cc end 000002fb length    47 section .info.

(D:\COSMIC\CXSTM8_32K\Lib\libm0.sm8)ludiv.o:
start 00008a27 end 00008a3b length    20 section .text
start 000002fb end 0000032b length    48 section .info.

(D:\COSMIC\CXSTM8_32K\Lib\libm0.sm8)ldiv.o:
start 00008a3b end 00008b26 length   235 section .text
start 0000032b end 0000035a length    47 section .info.

(D:\COSMIC\CXSTM8_32K\Lib\libm0.sm8)lgneg.o:
start 00008b26 end 00008b39 length    19 section .text
start 0000035a end 0000038a length    48 section .info.

(D:\COSMIC\CXSTM8_32K\Lib\libm0.sm8)lneg.o:
start 00008b39 end 00008b4e length    21 section .text
start 0000038a end 000003b9 length    47 section .info.

(D:\COSMIC\CXSTM8_32K\Lib\libm0.sm8)rtol.o:
start 00008b4e end 00008b60 length    18 section .text
start 000003b9 end 000003e8 length    47 section .info.

(D:\COSMIC\CXSTM8_32K\Lib\libm0.sm8)xreg.o:
start 00000004 end 00000007 length     3 section .ubsct
start 000003e8 end 00000417 length    47 section .info.

(D:\COSMIC\CXSTM8_32K\Lib\libm0.sm8)yreg.o:
start 00000007 end 0000000a length     3 section .ubsct
start 00000417 end 00000446 length    47 section .info.

Debug\stm8_interrupt_vector.o:
start 00002b6b end 00002c91 length   294 section .debug
start 00000446 end 000004d0 length   138 section .info.
start 00008000 end 00008080 length   128 section .const


                             -----------
                             Stack usage
                             -----------

Debug\delay.o:
_delay_ms                               8   (4)
_delay_us                               4   (4)

Debug\main.o:
_assert_failed                          6   (6)
_clkInit                               11   (2)
_delay                             >    4   (4)
_gpioInit                              14   (2)
_main                              >   16   (2)

Debug\stm8s_clk.o:
_CLK_AdjustHSICalibrationValue     >    9   (3)
_CLK_CCOCmd                        >    9   (3)
_CLK_CCOConfig                     >    9   (3)
_CLK_ClearITPendingBit             >    9   (3)
_CLK_ClockSecuritySystemEnable     >    2   (2)
_CLK_ClockSwitchCmd                >    9   (3)
_CLK_ClockSwitchConfig             >   16   (10)
_CLK_DeInit                             2   (2)
_CLK_FastHaltWakeUpCmd             >    9   (3)
_CLK_GetClockFreq                  >   25   (11)
_CLK_GetFlagStatus                 >   13   (7)
_CLK_GetITStatus                   >   10   (4)
_CLK_GetSYSCLKSource               >    2   (2)
_CLK_HSECmd                        >    9   (3)
_CLK_HSICmd                             9   (3)
_CLK_HSIPrescalerConfig                 9   (3)
_CLK_ITConfig                      >   10   (4)
_CLK_LSICmd                        >    9   (3)
_CLK_PeripheralClockConfig         >   10   (4)
_CLK_SWIMConfig                    >    9   (3)
_CLK_SYSCLKConfig                  >    9   (3)
_CLK_SYSCLKEmergencyClear          >    2   (2)
_CLK_SlowActiveHaltWakeUpCmd       >    9   (3)

Debug\stm8s_gpio.o:
_GPIO_DeInit                       >    2   (2)
_GPIO_ExternalPullUpConfig         >   12   (6)
_GPIO_Init                             12   (6)
_GPIO_ReadInputData                >    2   (2)
_GPIO_ReadInputPin                 >    5   (5)
_GPIO_ReadOutputData               >    2   (2)
_GPIO_Write                        >    5   (5)
_GPIO_WriteHigh                    >    5   (5)
_GPIO_WriteLow                     >    5   (5)
_GPIO_WriteReverse                      5   (5)

Debug\stm8s_it.o:
f_ADC2_IRQHandler                  >    5   (5)
f_AWU_IRQHandler                   >    5   (5)
f_CAN_RX_IRQHandler                >    5   (5)
f_CAN_TX_IRQHandler                >    5   (5)
f_CLK_IRQHandler                   >    5   (5)
f_EEPROM_EEC_IRQHandler            >    5   (5)
f_EXTI_PORTA_IRQHandler            >    5   (5)
f_EXTI_PORTB_IRQHandler            >    5   (5)
f_EXTI_PORTC_IRQHandler            >    5   (5)
f_EXTI_PORTD_IRQHandler            >    5   (5)
f_EXTI_PORTE_IRQHandler            >    5   (5)
f_I2C_IRQHandler                   >    5   (5)
f_NonHandledInterrupt              >    5   (5)
f_SPI_IRQHandler                   >    5   (5)
f_TIM1_CAP_COM_IRQHandler          >    5   (5)
f_TIM1_UPD_OVF_TRG_BRK_IRQHandler  >    5   (5)
f_TIM2_CAP_COM_IRQHandler          >    5   (5)
f_TIM2_UPD_OVF_BRK_IRQHandler      >    5   (5)
f_TIM3_CAP_COM_IRQHandler          >    5   (5)
f_TIM3_UPD_OVF_BRK_IRQHandler      >    5   (5)
f_TIM4_UPD_OVF_IRQHandler          >    5   (5)
f_TLI_IRQHandler                   >    5   (5)
f_TRAP_IRQHandler                  >    5   (5)
f_UART1_RX_IRQHandler              >    5   (5)
f_UART1_TX_IRQHandler              >    5   (5)
f_UART3_RX_IRQHandler              >    5   (5)
f_UART3_TX_IRQHandler              >    5   (5)

Stack size: 30


                              ---------
                              Call tree
                              ---------
   1 > _CLK_AdjustHSICalibrationValue: (3)
   2      + _assert_failed: (6)
       
   3 > _CLK_CCOCmd: (3)
   4      + _assert_failed --> 2
       
   5 > _CLK_CCOConfig: (3)
   6      + _assert_failed --> 2
       
   7 > _CLK_ClearITPendingBit: (3)
   8      + _assert_failed --> 2
       
   9 > _CLK_ClockSecuritySystemEnable: (2)

  10 > _CLK_ClockSwitchCmd: (3)
  11      + _assert_failed --> 2
       
  12 > _CLK_ClockSwitchConfig: (10)
  13      + _assert_failed --> 2
       
  14 > _CLK_FastHaltWakeUpCmd: (3)
  15      + _assert_failed --> 2
       
  16 > _CLK_GetClockFreq: (11)

  17 > _CLK_GetFlagStatus: (7)
  18      + _assert_failed --> 2
       
  19 > _CLK_GetITStatus: (4)
  20      + _assert_failed --> 2
       
  21 > _CLK_GetSYSCLKSource: (2)

  22 > _CLK_HSECmd: (3)
  23      + _assert_failed --> 2
       
  24 > _CLK_ITConfig: (4)
  25      + _assert_failed --> 2
       
  26 > _CLK_LSICmd: (3)
  27      + _assert_failed --> 2
       
  28 > _CLK_PeripheralClockConfig: (4)
  29      + _assert_failed --> 2
       
  30 > _CLK_SWIMConfig: (3)
  31      + _assert_failed --> 2
       
  32 > _CLK_SYSCLKConfig: (3)
  33      + _assert_failed --> 2
       
  34 > _CLK_SYSCLKEmergencyClear: (2)

  35 > _CLK_SlowActiveHaltWakeUpCmd: (3)
  36      + _assert_failed --> 2
       
  37 > _GPIO_DeInit: (2)

  38 > _GPIO_ExternalPullUpConfig: (6)
  39      + _assert_failed --> 2
       
  40 > _GPIO_ReadInputData: (2)

  41 > _GPIO_ReadInputPin: (5)

  42 > _GPIO_ReadOutputData: (2)

  43 > _GPIO_Write: (5)

  44 > _GPIO_WriteHigh: (5)

  45 > _GPIO_WriteLow: (5)

  46 > __stext: (0)

  47 > _delay: (4)

  48 > _main: (2)
  49      + _GPIO_WriteReverse: (5)
  50      + _clkInit: (2)
  51      |    + _CLK_DeInit: (2)
  52      |    + _CLK_HSICmd: (3)
  53      |    |    + _assert_failed --> 2
          |    | 
  54      |    + _CLK_HSIPrescalerConfig: (3)
  55      |    |    + _assert_failed --> 2
          |    | 
          | 
  56      + _delay_ms: (4)
  57      |    + _delay_us: (4)
          | 
  58      + _gpioInit: (2)
  59      |    + _GPIO_Init: (6)
  60      |    |    + _assert_failed --> 2
          |    | 
          | 
       
  61 > f_ADC2_IRQHandler: (5)

  62 > f_AWU_IRQHandler: (5)

  63 > f_CAN_RX_IRQHandler: (5)

  64 > f_CAN_TX_IRQHandler: (5)

  65 > f_CLK_IRQHandler: (5)

  66 > f_EEPROM_EEC_IRQHandler: (5)

  67 > f_EXTI_PORTA_IRQHandler: (5)

  68 > f_EXTI_PORTB_IRQHandler: (5)

  69 > f_EXTI_PORTC_IRQHandler: (5)

  70 > f_EXTI_PORTD_IRQHandler: (5)

  71 > f_EXTI_PORTE_IRQHandler: (5)

  72 > f_I2C_IRQHandler: (5)

  73 > f_NonHandledInterrupt: (5)

  74 > f_SPI_IRQHandler: (5)

  75 > f_TIM1_CAP_COM_IRQHandler: (5)

  76 > f_TIM1_UPD_OVF_TRG_BRK_IRQHandler: (5)

  77 > f_TIM2_CAP_COM_IRQHandler: (5)

  78 > f_TIM2_UPD_OVF_BRK_IRQHandler: (5)

  79 > f_TIM3_CAP_COM_IRQHandler: (5)

  80 > f_TIM3_UPD_OVF_BRK_IRQHandler: (5)

  81 > f_TIM4_UPD_OVF_IRQHandler: (5)

  82 > f_TLI_IRQHandler: (5)

  83 > f_TRAP_IRQHandler: (5)

  84 > f_UART1_RX_IRQHandler: (5)

  85 > f_UART1_TX_IRQHandler: (5)

  86 > f_UART3_RX_IRQHandler: (5)

  87 > f_UART3_TX_IRQHandler: (5)

  88   _CLK_DeInit --> 51

  89   _CLK_HSICmd --> 52

  90   _CLK_HSIPrescalerConfig --> 54

  91   _GPIO_Init --> 59

  92   _GPIO_WriteReverse --> 49

  93   _assert_failed --> 2

  94   _clkInit --> 50

  95   _delay_ms --> 56

  96   _delay_us --> 57

  97   _gpioInit --> 58



                               -------
                               Symbols
                               -------

_CLKPrescTable                      00008084   defined in Debug\stm8s_clk.o section .const
_CLK_AdjustHSICalibrationValue      0000875b   defined in Debug\stm8s_clk.o section .text
_CLK_CCOCmd                         000082bb   defined in Debug\stm8s_clk.o section .text
_CLK_CCOConfig                      00008571   defined in Debug\stm8s_clk.o section .text
_CLK_ClearITPendingBit              0000888b   defined in Debug\stm8s_clk.o section .text
_CLK_ClockSecuritySystemEnable      000086de   defined in Debug\stm8s_clk.o section .text
_CLK_ClockSwitchCmd                 000082e6   defined in Debug\stm8s_clk.o section .text
_CLK_ClockSwitchConfig              0000842a   defined in Debug\stm8s_clk.o section .text
_CLK_DeInit                         000081d7   defined in Debug\stm8s_clk.o section .text
                                               used in Debug\main.o
_CLK_FastHaltWakeUpCmd              0000820f   defined in Debug\stm8s_clk.o section .text
_CLK_GetClockFreq                   000086e7   defined in Debug\stm8s_clk.o section .text
_CLK_GetFlagStatus                  0000879f   defined in Debug\stm8s_clk.o section .text
_CLK_GetITStatus                    00008840   defined in Debug\stm8s_clk.o section .text
_CLK_GetSYSCLKSource                000086e3   defined in Debug\stm8s_clk.o section .text
_CLK_HSECmd                         0000823a   defined in Debug\stm8s_clk.o section .text
_CLK_HSICmd                         00008265   defined in Debug\stm8s_clk.o section .text
                                               used in Debug\main.o
_CLK_HSIPrescalerConfig             0000853c   defined in Debug\stm8s_clk.o section .text
                                               used in Debug\main.o
_CLK_ITConfig                       000085ce   defined in Debug\stm8s_clk.o section .text
_CLK_LSICmd                         00008290   defined in Debug\stm8s_clk.o section .text
_CLK_PeripheralClockConfig          0000833c   defined in Debug\stm8s_clk.o section .text
_CLK_SWIMConfig                     000086b3   defined in Debug\stm8s_clk.o section .text
_CLK_SYSCLKConfig                   00008642   defined in Debug\stm8s_clk.o section .text
_CLK_SYSCLKEmergencyClear           0000879a   defined in Debug\stm8s_clk.o section .text
_CLK_SlowActiveHaltWakeUpCmd        00008311   defined in Debug\stm8s_clk.o section .text
_GPIO_DeInit                        000088b9   defined in Debug\stm8s_gpio.o section .text
_GPIO_ExternalPullUpConfig          000089c7   defined in Debug\stm8s_gpio.o section .text
_GPIO_Init                          000088c1   defined in Debug\stm8s_gpio.o section .text
                                               used in Debug\main.o
_GPIO_ReadInputData                 000089bd   defined in Debug\stm8s_gpio.o section .text
_GPIO_ReadInputPin                  000089c0   defined in Debug\stm8s_gpio.o section .text
_GPIO_ReadOutputData                000089bb   defined in Debug\stm8s_gpio.o section .text
_GPIO_Write                         0000899d   defined in Debug\stm8s_gpio.o section .text
_GPIO_WriteHigh                     000089a5   defined in Debug\stm8s_gpio.o section .text
_GPIO_WriteLow                      000089ac   defined in Debug\stm8s_gpio.o section .text
_GPIO_WriteReverse                  000089b4   defined in Debug\stm8s_gpio.o section .text
                                               used in Debug\main.o
_HSIDivFactor                       00008080   defined in Debug\stm8s_clk.o section .const
__endmem                            000013ff   defined in command file
                                               *** not used ***
__endzp                             0000000a   defined in command file section .ubsct
                                               used in D:\COSMIC\CXSTM8_32K\Lib\crtsi0.sm8
__idesc__                           000080fb   defined in linker section .init
                                               used in D:\COSMIC\CXSTM8_32K\Lib\crtsi0.sm8
__memory                            00000100   defined in command file section .bss
                                               used in D:\COSMIC\CXSTM8_32K\Lib\crtsi0.sm8
__stack                             000017ff   defined in command file
                                               used in D:\COSMIC\CXSTM8_32K\Lib\crtsi0.sm8
__startmem                          00000100   defined in command file section .bss
                                               *** not used ***
__stext                             000080fe   defined in D:\COSMIC\CXSTM8_32K\Lib\crtsi0.sm8 section .text
                                               used in Debug\stm8_interrupt_vector.o
__vectab                            00008000   defined in Debug\stm8_interrupt_vector.o section .const
_assert_failed                      00008188   defined in Debug\main.o section .text
                                               used in Debug\stm8s_clk.o
                                                       Debug\stm8s_gpio.o
_clkInit                            0000815e   defined in Debug\main.o section .text
_delay                              00008178   defined in Debug\main.o section .text
_delay_ms                           0000818a   defined in Debug\delay.o section .text
                                               used in Debug\main.o
_delay_us                           000081a3   defined in Debug\delay.o section .text
_exit                               00008147   defined in D:\COSMIC\CXSTM8_32K\Lib\crtsi0.sm8 section .text
_gpioInit                           0000816c   defined in Debug\main.o section .text
_main                               00008149   defined in Debug\main.o section .text
                                               used in D:\COSMIC\CXSTM8_32K\Lib\crtsi0.sm8
c_divsl                             00008a3b   defined in (D:\COSMIC\CXSTM8_32K\Lib\libm0.sm8)ldiv.o section .text
                                               *** not used ***
c_divul                             00008a52   defined in (D:\COSMIC\CXSTM8_32K\Lib\libm0.sm8)ldiv.o section .text
                                               used in (D:\COSMIC\CXSTM8_32K\Lib\libm0.sm8)ludiv.o
c_lgneg                             00008b26   defined in (D:\COSMIC\CXSTM8_32K\Lib\libm0.sm8)lgneg.o section .text
                                               used in (D:\COSMIC\CXSTM8_32K\Lib\libm0.sm8)ldiv.o
c_lneg                              00008b39   defined in (D:\COSMIC\CXSTM8_32K\Lib\libm0.sm8)lneg.o section .text
                                               used in (D:\COSMIC\CXSTM8_32K\Lib\libm0.sm8)ldiv.o
c_lreg                              00000000   defined in (D:\COSMIC\CXSTM8_32K\Lib\libm0.sm8)lreg.o section .ubsct
                                               used in Debug\stm8s_clk.o
                                                       (D:\COSMIC\CXSTM8_32K\Lib\libm0.sm8)ltor.o
                                                       (D:\COSMIC\CXSTM8_32K\Lib\libm0.sm8)ldiv.o
                                                       (D:\COSMIC\CXSTM8_32K\Lib\libm0.sm8)lneg.o
                                                       (D:\COSMIC\CXSTM8_32K\Lib\libm0.sm8)rtol.o
c_ltor                              00008a15   defined in (D:\COSMIC\CXSTM8_32K\Lib\libm0.sm8)ltor.o section .text
                                               used in Debug\stm8s_clk.o
c_ludv                              00008a27   defined in (D:\COSMIC\CXSTM8_32K\Lib\libm0.sm8)ludiv.o section .text
                                               used in Debug\stm8s_clk.o
c_rtol                              00008b4e   defined in (D:\COSMIC\CXSTM8_32K\Lib\libm0.sm8)rtol.o section .text
                                               used in Debug\stm8s_clk.o
c_x                                 00000004   defined in (D:\COSMIC\CXSTM8_32K\Lib\libm0.sm8)xreg.o section .ubsct
                                               used in D:\COSMIC\CXSTM8_32K\Lib\crtsi0.sm8
                                                       (D:\COSMIC\CXSTM8_32K\Lib\libm0.sm8)ldiv.o
c_y                                 00000007   defined in (D:\COSMIC\CXSTM8_32K\Lib\libm0.sm8)yreg.o section .ubsct
                                               used in D:\COSMIC\CXSTM8_32K\Lib\crtsi0.sm8
f_ADC2_IRQHandler                   000081d4   defined in Debug\stm8s_it.o section .text
                                               used in Debug\stm8_interrupt_vector.o
f_AWU_IRQHandler                    000081bf   defined in Debug\stm8s_it.o section .text
                                               used in Debug\stm8_interrupt_vector.o
f_CAN_RX_IRQHandler                 000081c6   defined in Debug\stm8s_it.o section .text
                                               used in Debug\stm8_interrupt_vector.o
f_CAN_TX_IRQHandler                 000081c7   defined in Debug\stm8s_it.o section .text
                                               used in Debug\stm8_interrupt_vector.o
f_CLK_IRQHandler                    000081c0   defined in Debug\stm8s_it.o section .text
                                               used in Debug\stm8_interrupt_vector.o
f_EEPROM_EEC_IRQHandler             000081d6   defined in Debug\stm8s_it.o section .text
                                               used in Debug\stm8_interrupt_vector.o
f_EXTI_PORTA_IRQHandler             000081c1   defined in Debug\stm8s_it.o section .text
                                               used in Debug\stm8_interrupt_vector.o
f_EXTI_PORTB_IRQHandler             000081c2   defined in Debug\stm8s_it.o section .text
                                               used in Debug\stm8_interrupt_vector.o
f_EXTI_PORTC_IRQHandler             000081c3   defined in Debug\stm8s_it.o section .text
                                               used in Debug\stm8_interrupt_vector.o
f_EXTI_PORTD_IRQHandler             000081c4   defined in Debug\stm8s_it.o section .text
                                               used in Debug\stm8_interrupt_vector.o
f_EXTI_PORTE_IRQHandler             000081c5   defined in Debug\stm8s_it.o section .text
                                               used in Debug\stm8_interrupt_vector.o
f_I2C_IRQHandler                    000081d1   defined in Debug\stm8s_it.o section .text
                                               used in Debug\stm8_interrupt_vector.o
f_NonHandledInterrupt               000081bc   defined in Debug\stm8s_it.o section .text
                                               used in Debug\stm8_interrupt_vector.o
f_SPI_IRQHandler                    000081c8   defined in Debug\stm8s_it.o section .text
                                               used in Debug\stm8_interrupt_vector.o
f_TIM1_CAP_COM_IRQHandler           000081ca   defined in Debug\stm8s_it.o section .text
                                               used in Debug\stm8_interrupt_vector.o
f_TIM1_UPD_OVF_TRG_BRK_IRQHandler   000081c9   defined in Debug\stm8s_it.o section .text
                                               used in Debug\stm8_interrupt_vector.o
f_TIM2_CAP_COM_IRQHandler           000081cc   defined in Debug\stm8s_it.o section .text
                                               used in Debug\stm8_interrupt_vector.o
f_TIM2_UPD_OVF_BRK_IRQHandler       000081cb   defined in Debug\stm8s_it.o section .text
                                               used in Debug\stm8_interrupt_vector.o
f_TIM3_CAP_COM_IRQHandler           000081ce   defined in Debug\stm8s_it.o section .text
                                               used in Debug\stm8_interrupt_vector.o
f_TIM3_UPD_OVF_BRK_IRQHandler       000081cd   defined in Debug\stm8s_it.o section .text
                                               used in Debug\stm8_interrupt_vector.o
f_TIM4_UPD_OVF_IRQHandler           000081d5   defined in Debug\stm8s_it.o section .text
                                               used in Debug\stm8_interrupt_vector.o
f_TLI_IRQHandler                    000081be   defined in Debug\stm8s_it.o section .text
                                               used in Debug\stm8_interrupt_vector.o
f_TRAP_IRQHandler                   000081bd   defined in Debug\stm8s_it.o section .text
                                               used in Debug\stm8_interrupt_vector.o
f_UART1_RX_IRQHandler               000081d0   defined in Debug\stm8s_it.o section .text
                                               used in Debug\stm8_interrupt_vector.o
f_UART1_TX_IRQHandler               000081cf   defined in Debug\stm8s_it.o section .text
                                               used in Debug\stm8_interrupt_vector.o
f_UART3_RX_IRQHandler               000081d3   defined in Debug\stm8s_it.o section .text
                                               used in Debug\stm8_interrupt_vector.o
f_UART3_TX_IRQHandler               000081d2   defined in Debug\stm8s_it.o section .text
                                               used in Debug\stm8_interrupt_vector.o
