
Map of Debug\mystm8templ.sm8 from link file Debug\mystm8templ.lkf - Sun Apr 22 15:04:54 2012


                               --------
                               Segments
                               --------

start 00008080 end 000080fb length   123 segment .const
start 000080fe end 00008b40 length  2626 segment .text
start 00004000 end 00004000 length     0 segment .eeprom
start 00000000 end 00000000 length     0 segment .bsct
start 00000000 end 0000000a length    10 segment .ubsct
start 0000000a end 0000000a length     0 segment .bit
start 0000000a end 0000000a length     0 segment .share
start 00000100 end 00000100 length     0 segment .data
start 00000100 end 00000100 length     0 segment .bss
start 00000000 end 00000491 length  1169 segment .info.
start 00000000 end 00002b4d length 11085 segment .debug
start 00008000 end 00008080 length   128 segment .const
start 000080fb end 000080fe length     3 segment .init


                               -------
                               Modules
                               -------

D:\COSMIC\CXSTM8_32K\Lib\crtsi0.sm8:
start 000080fe end 00008149 length    75 section .text
start 00000100 end 00000100 length     0 section .bss
start 00000000 end 00000000 length     0 section .ubsct
start 00000000 end 00000030 length    48 section .info.

Debug\main.o:
start 00008149 end 0000819c length    83 section .text
start 00000000 end 000001d8 length   472 section .debug
start 00000030 end 000000a9 length   121 section .info.

Debug\stm8s_it.o:
start 0000819c end 000081b7 length    27 section .text
start 000001d8 end 000009ae length  2006 section .debug
start 000000a9 end 00000126 length   125 section .info.

Debug\stm8s_clk.o:
start 000081b7 end 00008899 length  1762 section .text
start 000009ae end 0000201d length  5743 section .debug
start 00000126 end 000001a4 length   126 section .info.
start 00008080 end 000080c3 length    67 section .const

Debug\stm8s_gpio.o:
start 00008899 end 000089f5 length   348 section .text
start 0000201d end 00002a27 length  2570 section .debug
start 000001a4 end 00000223 length   127 section .info.
start 000080c3 end 000080fb length    56 section .const

(D:\COSMIC\CXSTM8_32K\Lib\libm0.sm8)lreg.o:
start 00000000 end 00000004 length     4 section .ubsct
start 00000223 end 00000252 length    47 section .info.

(D:\COSMIC\CXSTM8_32K\Lib\libm0.sm8)ltor.o:
start 000089f5 end 00008a07 length    18 section .text
start 00000252 end 00000281 length    47 section .info.

(D:\COSMIC\CXSTM8_32K\Lib\libm0.sm8)ludiv.o:
start 00008a07 end 00008a1b length    20 section .text
start 00000281 end 000002b1 length    48 section .info.

(D:\COSMIC\CXSTM8_32K\Lib\libm0.sm8)ldiv.o:
start 00008a1b end 00008b06 length   235 section .text
start 000002b1 end 000002e0 length    47 section .info.

(D:\COSMIC\CXSTM8_32K\Lib\libm0.sm8)lgneg.o:
start 00008b06 end 00008b19 length    19 section .text
start 000002e0 end 00000310 length    48 section .info.

(D:\COSMIC\CXSTM8_32K\Lib\libm0.sm8)lneg.o:
start 00008b19 end 00008b2e length    21 section .text
start 00000310 end 0000033f length    47 section .info.

(D:\COSMIC\CXSTM8_32K\Lib\libm0.sm8)rtol.o:
start 00008b2e end 00008b40 length    18 section .text
start 0000033f end 0000036e length    47 section .info.

(D:\COSMIC\CXSTM8_32K\Lib\libm0.sm8)xreg.o:
start 00000004 end 00000007 length     3 section .ubsct
start 0000036e end 0000039d length    47 section .info.

(D:\COSMIC\CXSTM8_32K\Lib\libm0.sm8)yreg.o:
start 00000007 end 0000000a length     3 section .ubsct
start 0000039d end 000003cc length    47 section .info.

Debug\stm8_interrupt_vector.o:
start 00002a27 end 00002b4d length   294 section .debug
start 000003cc end 00000456 length   138 section .info.
start 00008000 end 00008080 length   128 section .const


                             -----------
                             Stack usage
                             -----------

Debug\main.o:
_assert_failed                          6   (6)
_clkInit                               11   (2)
_delay                             >    4   (4)
_gpioInit                              14   (2)
_main                              >   16   (2)

Debug\stm8s_clk.o:
_CLK_AdjustHSICalibrationValue     >    9   (3)
_CLK_CCOCmd                        >    9   (3)
_CLK_CCOConfig                     >    9   (3)
_CLK_ClearITPendingBit             >    9   (3)
_CLK_ClockSecuritySystemEnable     >    2   (2)
_CLK_ClockSwitchCmd                >    9   (3)
_CLK_ClockSwitchConfig             >   16   (10)
_CLK_DeInit                             2   (2)
_CLK_FastHaltWakeUpCmd             >    9   (3)
_CLK_GetClockFreq                  >   25   (11)
_CLK_GetFlagStatus                 >   13   (7)
_CLK_GetITStatus                   >   10   (4)
_CLK_GetSYSCLKSource               >    2   (2)
_CLK_HSECmd                        >    9   (3)
_CLK_HSICmd                             9   (3)
_CLK_HSIPrescalerConfig            >    9   (3)
_CLK_ITConfig                      >   10   (4)
_CLK_LSICmd                        >    9   (3)
_CLK_PeripheralClockConfig         >   10   (4)
_CLK_SWIMConfig                    >    9   (3)
_CLK_SYSCLKConfig                       9   (3)
_CLK_SYSCLKEmergencyClear          >    2   (2)
_CLK_SlowActiveHaltWakeUpCmd       >    9   (3)

Debug\stm8s_gpio.o:
_GPIO_DeInit                       >    2   (2)
_GPIO_ExternalPullUpConfig         >   12   (6)
_GPIO_Init                             12   (6)
_GPIO_ReadInputData                >    2   (2)
_GPIO_ReadInputPin                      5   (5)
_GPIO_ReadOutputData               >    2   (2)
_GPIO_Write                        >    5   (5)
_GPIO_WriteHigh                    >    5   (5)
_GPIO_WriteLow                     >    5   (5)
_GPIO_WriteReverse                      5   (5)

Debug\stm8s_it.o:
f_ADC2_IRQHandler                  >    5   (5)
f_AWU_IRQHandler                   >    5   (5)
f_CAN_RX_IRQHandler                >    5   (5)
f_CAN_TX_IRQHandler                >    5   (5)
f_CLK_IRQHandler                   >    5   (5)
f_EEPROM_EEC_IRQHandler            >    5   (5)
f_EXTI_PORTA_IRQHandler            >    5   (5)
f_EXTI_PORTB_IRQHandler            >    5   (5)
f_EXTI_PORTC_IRQHandler            >    5   (5)
f_EXTI_PORTD_IRQHandler            >    5   (5)
f_EXTI_PORTE_IRQHandler            >    5   (5)
f_I2C_IRQHandler                   >    5   (5)
f_NonHandledInterrupt              >    5   (5)
f_SPI_IRQHandler                   >    5   (5)
f_TIM1_CAP_COM_IRQHandler          >    5   (5)
f_TIM1_UPD_OVF_TRG_BRK_IRQHandler  >    5   (5)
f_TIM2_CAP_COM_IRQHandler          >    5   (5)
f_TIM2_UPD_OVF_BRK_IRQHandler      >    5   (5)
f_TIM3_CAP_COM_IRQHandler          >    5   (5)
f_TIM3_UPD_OVF_BRK_IRQHandler      >    5   (5)
f_TIM4_UPD_OVF_IRQHandler          >    5   (5)
f_TLI_IRQHandler                   >    5   (5)
f_TRAP_IRQHandler                  >    5   (5)
f_UART1_RX_IRQHandler              >    5   (5)
f_UART1_TX_IRQHandler              >    5   (5)
f_UART3_RX_IRQHandler              >    5   (5)
f_UART3_TX_IRQHandler              >    5   (5)

Stack size: 30


                              ---------
                              Call tree
                              ---------
   1 > _CLK_AdjustHSICalibrationValue: (3)
   2      + _assert_failed: (6)
       
   3 > _CLK_CCOCmd: (3)
   4      + _assert_failed --> 2
       
   5 > _CLK_CCOConfig: (3)
   6      + _assert_failed --> 2
       
   7 > _CLK_ClearITPendingBit: (3)
   8      + _assert_failed --> 2
       
   9 > _CLK_ClockSecuritySystemEnable: (2)

  10 > _CLK_ClockSwitchCmd: (3)
  11      + _assert_failed --> 2
       
  12 > _CLK_ClockSwitchConfig: (10)
  13      + _assert_failed --> 2
       
  14 > _CLK_FastHaltWakeUpCmd: (3)
  15      + _assert_failed --> 2
       
  16 > _CLK_GetClockFreq: (11)

  17 > _CLK_GetFlagStatus: (7)
  18      + _assert_failed --> 2
       
  19 > _CLK_GetITStatus: (4)
  20      + _assert_failed --> 2
       
  21 > _CLK_GetSYSCLKSource: (2)

  22 > _CLK_HSECmd: (3)
  23      + _assert_failed --> 2
       
  24 > _CLK_HSIPrescalerConfig: (3)
  25      + _assert_failed --> 2
       
  26 > _CLK_ITConfig: (4)
  27      + _assert_failed --> 2
       
  28 > _CLK_LSICmd: (3)
  29      + _assert_failed --> 2
       
  30 > _CLK_PeripheralClockConfig: (4)
  31      + _assert_failed --> 2
       
  32 > _CLK_SWIMConfig: (3)
  33      + _assert_failed --> 2
       
  34 > _CLK_SYSCLKEmergencyClear: (2)

  35 > _CLK_SlowActiveHaltWakeUpCmd: (3)
  36      + _assert_failed --> 2
       
  37 > _GPIO_DeInit: (2)

  38 > _GPIO_ExternalPullUpConfig: (6)
  39      + _assert_failed --> 2
       
  40 > _GPIO_ReadInputData: (2)

  41 > _GPIO_ReadOutputData: (2)

  42 > _GPIO_Write: (5)

  43 > _GPIO_WriteHigh: (5)

  44 > _GPIO_WriteLow: (5)

  45 > __stext: (0)

  46 > _delay: (4)

  47 > _main: (2)
  48      + _GPIO_ReadInputPin: (5)
  49      + _GPIO_WriteReverse: (5)
  50      + _clkInit: (2)
  51      |    + _CLK_DeInit: (2)
  52      |    + _CLK_HSICmd: (3)
  53      |    |    + _assert_failed --> 2
          |    | 
  54      |    + _CLK_SYSCLKConfig: (3)
  55      |    |    + _assert_failed --> 2
          |    | 
          | 
  56      + _gpioInit: (2)
  57      |    + _GPIO_Init: (6)
  58      |    |    + _assert_failed --> 2
          |    | 
          | 
       
  59 > f_ADC2_IRQHandler: (5)

  60 > f_AWU_IRQHandler: (5)

  61 > f_CAN_RX_IRQHandler: (5)

  62 > f_CAN_TX_IRQHandler: (5)

  63 > f_CLK_IRQHandler: (5)

  64 > f_EEPROM_EEC_IRQHandler: (5)

  65 > f_EXTI_PORTA_IRQHandler: (5)

  66 > f_EXTI_PORTB_IRQHandler: (5)

  67 > f_EXTI_PORTC_IRQHandler: (5)

  68 > f_EXTI_PORTD_IRQHandler: (5)

  69 > f_EXTI_PORTE_IRQHandler: (5)

  70 > f_I2C_IRQHandler: (5)

  71 > f_NonHandledInterrupt: (5)

  72 > f_SPI_IRQHandler: (5)

  73 > f_TIM1_CAP_COM_IRQHandler: (5)

  74 > f_TIM1_UPD_OVF_TRG_BRK_IRQHandler: (5)

  75 > f_TIM2_CAP_COM_IRQHandler: (5)

  76 > f_TIM2_UPD_OVF_BRK_IRQHandler: (5)

  77 > f_TIM3_CAP_COM_IRQHandler: (5)

  78 > f_TIM3_UPD_OVF_BRK_IRQHandler: (5)

  79 > f_TIM4_UPD_OVF_IRQHandler: (5)

  80 > f_TLI_IRQHandler: (5)

  81 > f_TRAP_IRQHandler: (5)

  82 > f_UART1_RX_IRQHandler: (5)

  83 > f_UART1_TX_IRQHandler: (5)

  84 > f_UART3_RX_IRQHandler: (5)

  85 > f_UART3_TX_IRQHandler: (5)

  86   _CLK_DeInit --> 51

  87   _CLK_HSICmd --> 52

  88   _CLK_SYSCLKConfig --> 54

  89   _GPIO_Init --> 57

  90   _GPIO_ReadInputPin --> 48

  91   _GPIO_WriteReverse --> 49

  92   _assert_failed --> 2

  93   _clkInit --> 50

  94   _gpioInit --> 56



                               -------
                               Symbols
                               -------

_CLKPrescTable                      00008084   defined in Debug\stm8s_clk.o section .const
_CLK_AdjustHSICalibrationValue      0000873b   defined in Debug\stm8s_clk.o section .text
_CLK_CCOCmd                         0000829b   defined in Debug\stm8s_clk.o section .text
_CLK_CCOConfig                      00008551   defined in Debug\stm8s_clk.o section .text
_CLK_ClearITPendingBit              0000886b   defined in Debug\stm8s_clk.o section .text
_CLK_ClockSecuritySystemEnable      000086be   defined in Debug\stm8s_clk.o section .text
_CLK_ClockSwitchCmd                 000082c6   defined in Debug\stm8s_clk.o section .text
_CLK_ClockSwitchConfig              0000840a   defined in Debug\stm8s_clk.o section .text
_CLK_DeInit                         000081b7   defined in Debug\stm8s_clk.o section .text
                                               used in Debug\main.o
_CLK_FastHaltWakeUpCmd              000081ef   defined in Debug\stm8s_clk.o section .text
_CLK_GetClockFreq                   000086c7   defined in Debug\stm8s_clk.o section .text
_CLK_GetFlagStatus                  0000877f   defined in Debug\stm8s_clk.o section .text
_CLK_GetITStatus                    00008820   defined in Debug\stm8s_clk.o section .text
_CLK_GetSYSCLKSource                000086c3   defined in Debug\stm8s_clk.o section .text
_CLK_HSECmd                         0000821a   defined in Debug\stm8s_clk.o section .text
_CLK_HSICmd                         00008245   defined in Debug\stm8s_clk.o section .text
                                               used in Debug\main.o
_CLK_HSIPrescalerConfig             0000851c   defined in Debug\stm8s_clk.o section .text
_CLK_ITConfig                       000085ae   defined in Debug\stm8s_clk.o section .text
_CLK_LSICmd                         00008270   defined in Debug\stm8s_clk.o section .text
_CLK_PeripheralClockConfig          0000831c   defined in Debug\stm8s_clk.o section .text
_CLK_SWIMConfig                     00008693   defined in Debug\stm8s_clk.o section .text
_CLK_SYSCLKConfig                   00008622   defined in Debug\stm8s_clk.o section .text
                                               used in Debug\main.o
_CLK_SYSCLKEmergencyClear           0000877a   defined in Debug\stm8s_clk.o section .text
_CLK_SlowActiveHaltWakeUpCmd        000082f1   defined in Debug\stm8s_clk.o section .text
_GPIO_DeInit                        00008899   defined in Debug\stm8s_gpio.o section .text
_GPIO_ExternalPullUpConfig          000089a7   defined in Debug\stm8s_gpio.o section .text
_GPIO_Init                          000088a1   defined in Debug\stm8s_gpio.o section .text
                                               used in Debug\main.o
_GPIO_ReadInputData                 0000899d   defined in Debug\stm8s_gpio.o section .text
_GPIO_ReadInputPin                  000089a0   defined in Debug\stm8s_gpio.o section .text
                                               used in Debug\main.o
_GPIO_ReadOutputData                0000899b   defined in Debug\stm8s_gpio.o section .text
_GPIO_Write                         0000897d   defined in Debug\stm8s_gpio.o section .text
_GPIO_WriteHigh                     00008985   defined in Debug\stm8s_gpio.o section .text
_GPIO_WriteLow                      0000898c   defined in Debug\stm8s_gpio.o section .text
_GPIO_WriteReverse                  00008994   defined in Debug\stm8s_gpio.o section .text
                                               used in Debug\main.o
_HSIDivFactor                       00008080   defined in Debug\stm8s_clk.o section .const
__endmem                            000013ff   defined in command file
                                               *** not used ***
__endzp                             0000000a   defined in command file section .ubsct
                                               used in D:\COSMIC\CXSTM8_32K\Lib\crtsi0.sm8
__idesc__                           000080fb   defined in linker section .init
                                               used in D:\COSMIC\CXSTM8_32K\Lib\crtsi0.sm8
__memory                            00000100   defined in command file section .bss
                                               used in D:\COSMIC\CXSTM8_32K\Lib\crtsi0.sm8
__stack                             000017ff   defined in command file
                                               used in D:\COSMIC\CXSTM8_32K\Lib\crtsi0.sm8
__startmem                          00000100   defined in command file section .bss
                                               *** not used ***
__stext                             000080fe   defined in D:\COSMIC\CXSTM8_32K\Lib\crtsi0.sm8 section .text
                                               used in Debug\stm8_interrupt_vector.o
__vectab                            00008000   defined in Debug\stm8_interrupt_vector.o section .const
_assert_failed                      0000819a   defined in Debug\main.o section .text
                                               used in Debug\stm8s_clk.o
                                                       Debug\stm8s_gpio.o
_clkInit                            00008165   defined in Debug\main.o section .text
_delay                              0000818a   defined in Debug\main.o section .text
_exit                               00008147   defined in D:\COSMIC\CXSTM8_32K\Lib\crtsi0.sm8 section .text
_gpioInit                           00008173   defined in Debug\main.o section .text
_main                               00008149   defined in Debug\main.o section .text
                                               used in D:\COSMIC\CXSTM8_32K\Lib\crtsi0.sm8
c_divsl                             00008a1b   defined in (D:\COSMIC\CXSTM8_32K\Lib\libm0.sm8)ldiv.o section .text
                                               *** not used ***
c_divul                             00008a32   defined in (D:\COSMIC\CXSTM8_32K\Lib\libm0.sm8)ldiv.o section .text
                                               used in (D:\COSMIC\CXSTM8_32K\Lib\libm0.sm8)ludiv.o
c_lgneg                             00008b06   defined in (D:\COSMIC\CXSTM8_32K\Lib\libm0.sm8)lgneg.o section .text
                                               used in (D:\COSMIC\CXSTM8_32K\Lib\libm0.sm8)ldiv.o
c_lneg                              00008b19   defined in (D:\COSMIC\CXSTM8_32K\Lib\libm0.sm8)lneg.o section .text
                                               used in (D:\COSMIC\CXSTM8_32K\Lib\libm0.sm8)ldiv.o
c_lreg                              00000000   defined in (D:\COSMIC\CXSTM8_32K\Lib\libm0.sm8)lreg.o section .ubsct
                                               used in Debug\stm8s_clk.o
                                                       (D:\COSMIC\CXSTM8_32K\Lib\libm0.sm8)ltor.o
                                                       (D:\COSMIC\CXSTM8_32K\Lib\libm0.sm8)ldiv.o
                                                       (D:\COSMIC\CXSTM8_32K\Lib\libm0.sm8)lneg.o
                                                       (D:\COSMIC\CXSTM8_32K\Lib\libm0.sm8)rtol.o
c_ltor                              000089f5   defined in (D:\COSMIC\CXSTM8_32K\Lib\libm0.sm8)ltor.o section .text
                                               used in Debug\stm8s_clk.o
c_ludv                              00008a07   defined in (D:\COSMIC\CXSTM8_32K\Lib\libm0.sm8)ludiv.o section .text
                                               used in Debug\stm8s_clk.o
c_rtol                              00008b2e   defined in (D:\COSMIC\CXSTM8_32K\Lib\libm0.sm8)rtol.o section .text
                                               used in Debug\stm8s_clk.o
c_x                                 00000004   defined in (D:\COSMIC\CXSTM8_32K\Lib\libm0.sm8)xreg.o section .ubsct
                                               used in D:\COSMIC\CXSTM8_32K\Lib\crtsi0.sm8
                                                       (D:\COSMIC\CXSTM8_32K\Lib\libm0.sm8)ldiv.o
c_y                                 00000007   defined in (D:\COSMIC\CXSTM8_32K\Lib\libm0.sm8)yreg.o section .ubsct
                                               used in D:\COSMIC\CXSTM8_32K\Lib\crtsi0.sm8
f_ADC2_IRQHandler                   000081b4   defined in Debug\stm8s_it.o section .text
                                               used in Debug\stm8_interrupt_vector.o
f_AWU_IRQHandler                    0000819f   defined in Debug\stm8s_it.o section .text
                                               used in Debug\stm8_interrupt_vector.o
f_CAN_RX_IRQHandler                 000081a6   defined in Debug\stm8s_it.o section .text
                                               used in Debug\stm8_interrupt_vector.o
f_CAN_TX_IRQHandler                 000081a7   defined in Debug\stm8s_it.o section .text
                                               used in Debug\stm8_interrupt_vector.o
f_CLK_IRQHandler                    000081a0   defined in Debug\stm8s_it.o section .text
                                               used in Debug\stm8_interrupt_vector.o
f_EEPROM_EEC_IRQHandler             000081b6   defined in Debug\stm8s_it.o section .text
                                               used in Debug\stm8_interrupt_vector.o
f_EXTI_PORTA_IRQHandler             000081a1   defined in Debug\stm8s_it.o section .text
                                               used in Debug\stm8_interrupt_vector.o
f_EXTI_PORTB_IRQHandler             000081a2   defined in Debug\stm8s_it.o section .text
                                               used in Debug\stm8_interrupt_vector.o
f_EXTI_PORTC_IRQHandler             000081a3   defined in Debug\stm8s_it.o section .text
                                               used in Debug\stm8_interrupt_vector.o
f_EXTI_PORTD_IRQHandler             000081a4   defined in Debug\stm8s_it.o section .text
                                               used in Debug\stm8_interrupt_vector.o
f_EXTI_PORTE_IRQHandler             000081a5   defined in Debug\stm8s_it.o section .text
                                               used in Debug\stm8_interrupt_vector.o
f_I2C_IRQHandler                    000081b1   defined in Debug\stm8s_it.o section .text
                                               used in Debug\stm8_interrupt_vector.o
f_NonHandledInterrupt               0000819c   defined in Debug\stm8s_it.o section .text
                                               used in Debug\stm8_interrupt_vector.o
f_SPI_IRQHandler                    000081a8   defined in Debug\stm8s_it.o section .text
                                               used in Debug\stm8_interrupt_vector.o
f_TIM1_CAP_COM_IRQHandler           000081aa   defined in Debug\stm8s_it.o section .text
                                               used in Debug\stm8_interrupt_vector.o
f_TIM1_UPD_OVF_TRG_BRK_IRQHandler   000081a9   defined in Debug\stm8s_it.o section .text
                                               used in Debug\stm8_interrupt_vector.o
f_TIM2_CAP_COM_IRQHandler           000081ac   defined in Debug\stm8s_it.o section .text
                                               used in Debug\stm8_interrupt_vector.o
f_TIM2_UPD_OVF_BRK_IRQHandler       000081ab   defined in Debug\stm8s_it.o section .text
                                               used in Debug\stm8_interrupt_vector.o
f_TIM3_CAP_COM_IRQHandler           000081ae   defined in Debug\stm8s_it.o section .text
                                               used in Debug\stm8_interrupt_vector.o
f_TIM3_UPD_OVF_BRK_IRQHandler       000081ad   defined in Debug\stm8s_it.o section .text
                                               used in Debug\stm8_interrupt_vector.o
f_TIM4_UPD_OVF_IRQHandler           000081b5   defined in Debug\stm8s_it.o section .text
                                               used in Debug\stm8_interrupt_vector.o
f_TLI_IRQHandler                    0000819e   defined in Debug\stm8s_it.o section .text
                                               used in Debug\stm8_interrupt_vector.o
f_TRAP_IRQHandler                   0000819d   defined in Debug\stm8s_it.o section .text
                                               used in Debug\stm8_interrupt_vector.o
f_UART1_RX_IRQHandler               000081b0   defined in Debug\stm8s_it.o section .text
                                               used in Debug\stm8_interrupt_vector.o
f_UART1_TX_IRQHandler               000081af   defined in Debug\stm8s_it.o section .text
                                               used in Debug\stm8_interrupt_vector.o
f_UART3_RX_IRQHandler               000081b3   defined in Debug\stm8s_it.o section .text
                                               used in Debug\stm8_interrupt_vector.o
f_UART3_TX_IRQHandler               000081b2   defined in Debug\stm8s_it.o section .text
                                               used in Debug\stm8_interrupt_vector.o
